Archive member included because of file (symbol)

c:/program files (x86)/atmel/atmel toolchain/avr8 gcc/native/3.4.1061/avr8-gnu-toolchain/bin/../lib/gcc/avr/4.8.1/avr51\libgcc.a(_mulsi3.o)
                              src/sketch-api-readonly/core/WMath.o (__mulsi3)
c:/program files (x86)/atmel/atmel toolchain/avr8 gcc/native/3.4.1061/avr8-gnu-toolchain/bin/../lib/gcc/avr/4.8.1/avr51\libgcc.a(_divmodhi4.o)
                              src/sketch-api-readonly/libraries/HttpClient/b64.o (__divmodhi4)
c:/program files (x86)/atmel/atmel toolchain/avr8 gcc/native/3.4.1061/avr8-gnu-toolchain/bin/../lib/gcc/avr/4.8.1/avr51\libgcc.a(_udivmodsi4.o)
                              src/sketch-api-readonly/core/HardwareSerial.o (__udivmodsi4)
c:/program files (x86)/atmel/atmel toolchain/avr8 gcc/native/3.4.1061/avr8-gnu-toolchain/bin/../lib/gcc/avr/4.8.1/avr51\libgcc.a(_divmodsi4.o)
                              Alarms.o (__divmodsi4)
c:/program files (x86)/atmel/atmel toolchain/avr8 gcc/native/3.4.1061/avr8-gnu-toolchain/bin/../lib/gcc/avr/4.8.1/avr51\libgcc.a(_negsi2.o)
                              c:/program files (x86)/atmel/atmel toolchain/avr8 gcc/native/3.4.1061/avr8-gnu-toolchain/bin/../lib/gcc/avr/4.8.1/avr51\libgcc.a(_divmodsi4.o) (__negsi2)
c:/program files (x86)/atmel/atmel toolchain/avr8 gcc/native/3.4.1061/avr8-gnu-toolchain/bin/../lib/gcc/avr/4.8.1/avr51\libgcc.a(_exit.o)
                              c:/program files (x86)/atmel/atmel toolchain/avr8 gcc/native/3.4.1061/avr8-gnu-toolchain/bin/../lib/gcc/avr/4.8.1/../../../../avr/lib/avr51/crtm1284p.o (exit)
c:/program files (x86)/atmel/atmel toolchain/avr8 gcc/native/3.4.1061/avr8-gnu-toolchain/bin/../lib/gcc/avr/4.8.1/avr51\libgcc.a(_tablejump.o)
                              src/sketch-api-readonly/core/wiring_analog.o (__tablejump2__)
c:/program files (x86)/atmel/atmel toolchain/avr8 gcc/native/3.4.1061/avr8-gnu-toolchain/bin/../lib/gcc/avr/4.8.1/avr51\libgcc.a(_copy_data.o)
                              Alarms.o (__do_copy_data)
c:/program files (x86)/atmel/atmel toolchain/avr8 gcc/native/3.4.1061/avr8-gnu-toolchain/bin/../lib/gcc/avr/4.8.1/avr51\libgcc.a(_clear_bss.o)
                              Alarms.o (__do_clear_bss)
c:/program files (x86)/atmel/atmel toolchain/avr8 gcc/native/3.4.1061/avr8-gnu-toolchain/bin/../lib/gcc/avr/4.8.1/avr51\libgcc.a(_ctors.o)
                              Alarms.o (__do_global_ctors)
c:/program files (x86)/atmel/atmel toolchain/avr8 gcc/native/3.4.1061/avr8-gnu-toolchain/bin/../lib/gcc/avr/4.8.1/avr51\libgcc.a(_dtors.o)
                              Globals.o (__do_global_dtors)
c:/program files (x86)/atmel/atmel toolchain/avr8 gcc/native/3.4.1061/avr8-gnu-toolchain/bin/../lib/gcc/avr/4.8.1/avr51\libgcc.a(_muluhisi3.o)
                              src/sketch-api-readonly/core/Tone.o (__muluhisi3)
c:/program files (x86)/atmel/atmel toolchain/avr8 gcc/native/3.4.1061/avr8-gnu-toolchain/bin/../lib/gcc/avr/4.8.1/avr51\libgcc.a(_mulshisi3.o)
                              Power.o (__mulshisi3)
c:/program files (x86)/atmel/atmel toolchain/avr8 gcc/native/3.4.1061/avr8-gnu-toolchain/bin/../lib/gcc/avr/4.8.1/avr51\libgcc.a(_tablejump_elpm.o)
                              c:/program files (x86)/atmel/atmel toolchain/avr8 gcc/native/3.4.1061/avr8-gnu-toolchain/bin/../lib/gcc/avr/4.8.1/avr51\libgcc.a(_ctors.o) (__tablejump_elpm__)
c:/program files (x86)/atmel/atmel toolchain/avr8 gcc/native/3.4.1061/avr8-gnu-toolchain/bin/../lib/gcc/avr/4.8.1/avr51\libgcc.a(_udivmodhi4.o)
                              c:/program files (x86)/atmel/atmel toolchain/avr8 gcc/native/3.4.1061/avr8-gnu-toolchain/bin/../lib/gcc/avr/4.8.1/avr51\libgcc.a(_divmodhi4.o) (__udivmodhi4)
c:/program files (x86)/atmel/atmel toolchain/avr8 gcc/native/3.4.1061/avr8-gnu-toolchain/bin/../lib/gcc/avr/4.8.1/avr51\libgcc.a(_umulhisi3.o)
                              c:/program files (x86)/atmel/atmel toolchain/avr8 gcc/native/3.4.1061/avr8-gnu-toolchain/bin/../lib/gcc/avr/4.8.1/avr51\libgcc.a(_muluhisi3.o) (__umulhisi3)
c:/program files (x86)/atmel/atmel toolchain/avr8 gcc/native/3.4.1061/avr8-gnu-toolchain/bin/../lib/gcc/avr/4.8.1/../../../../avr/lib/avr51\libm.a(addsf3.o)
                              src/sketch-api-readonly/core/Print.o (__subsf3)
c:/program files (x86)/atmel/atmel toolchain/avr8 gcc/native/3.4.1061/avr8-gnu-toolchain/bin/../lib/gcc/avr/4.8.1/../../../../avr/lib/avr51\libm.a(addsf3x.o)
                              c:/program files (x86)/atmel/atmel toolchain/avr8 gcc/native/3.4.1061/avr8-gnu-toolchain/bin/../lib/gcc/avr/4.8.1/../../../../avr/lib/avr51\libm.a(addsf3.o) (__addsf3x)
c:/program files (x86)/atmel/atmel toolchain/avr8 gcc/native/3.4.1061/avr8-gnu-toolchain/bin/../lib/gcc/avr/4.8.1/../../../../avr/lib/avr51\libm.a(cmpsf2.o)
                              src/sketch-api-readonly/core/Print.o (__ltsf2)
[...]
Memory Configuration

Name             Origin             Length             Attributes
text             0x00000000         0x00020000         xr
data             0x00800100         0x0000ff00         rw !x
eeprom           0x00810000         0x00010000         rw !x
fuse             0x00820000         0x00000400         rw !x
lock             0x00830000         0x00000400         rw !x
signature        0x00840000         0x00000400         rw !x
user_signatures  0x00850000         0x00000400         rw !x
*default*        0x00000000         0xffffffff

Linker script and memory map

Address of section .data set to 0x800100
LOAD c:/program files (x86)/atmel/atmel toolchain/avr8 gcc/native/3.4.1061/avr8-gnu-toolchain/bin/../lib/gcc/avr/4.8.1/../../../../avr/lib/avr51/crtm1284p.o
LOAD Alarms.o
LOAD src/sketch-api-readonly/core/CDC.o
LOAD src/sketch-api-readonly/core/HardwareSerial.o
LOAD src/sketch-api-readonly/core/HID.o
LOAD src/sketch-api-readonly/core/IPAddress.o
LOAD src/sketch-api-readonly/core/main.o
LOAD src/sketch-api-readonly/core/new.o
LOAD src/sketch-api-readonly/core/Print.o
LOAD src/sketch-api-readonly/core/Stream.o
LOAD src/sketch-api-readonly/core/Tone.o
LOAD src/sketch-api-readonly/core/USBCore.o
LOAD src/sketch-api-readonly/core/WInterrupts.o
LOAD src/sketch-api-readonly/core/wiring.o
LOAD src/sketch-api-readonly/core/wiring_analog.o
LOAD src/sketch-api-readonly/core/wiring_digital.o
LOAD src/sketch-api-readonly/core/wiring_pulse.o
LOAD src/sketch-api-readonly/core/wiring_shift.o
LOAD src/sketch-api-readonly/core/WMath.o
LOAD src/sketch-api-readonly/core/WString.o
LOAD src/sketch-api-readonly/libraries/EEPROMEx/EEPROMex.o
LOAD src/sketch-api-readonly/libraries/HttpClient/b64.o
LOAD src/sketch-api-readonly/libraries/HttpClient/HttpClient.o
LOAD Clock.o
LOAD HConfig.o
LOAD Globals.o
LOAD Mail.o
LOAD Menu.o
LOAD NoIP.o
LOAD Power.o
LOAD ReadTemp.o
LOAD Regulation.o
LOAD SendData.o
LOAD Server.o
LOAD Utils.o
START GROUP
END GROUP
LOAD c:/program files (x86)/atmel/atmel toolchain/avr8 gcc/native/3.4.1061/avr8-gnu-toolchain/bin/../lib/gcc/avr/4.8.1/avr51\libgcc.a
LOAD c:/program files (x86)/atmel/atmel toolchain/avr8 gcc/native/3.4.1061/avr8-gnu-toolchain/bin/../lib/gcc/avr/4.8.1/../../../../avr/lib/avr51\libm.a
START GROUP
LOAD c:/program files (x86)/atmel/atmel toolchain/avr8 gcc/native/3.4.1061/avr8-gnu-toolchain/bin/../lib/gcc/avr/4.8.1/avr51\libgcc.a
LOAD c:/program files (x86)/atmel/atmel toolchain/avr8 gcc/native/3.4.1061/avr8-gnu-toolchain/bin/../lib/gcc/avr/4.8.1/../../../../avr/lib/avr51\libm.a
LOAD c:/program files (x86)/atmel/atmel toolchain/avr8 gcc/native/3.4.1061/avr8-gnu-toolchain/bin/../lib/gcc/avr/4.8.1/../../../../avr/lib/avr51\libc.a
END GROUP

.hash
 *(.hash)

.dynsym
 *(.dynsym)

.dynstr
 *(.dynstr)

.gnu.version
 *(.gnu.version)

.gnu.version_d
 *(.gnu.version_d)

.gnu.version_r
 *(.gnu.version_r)

.rel.init
 *(.rel.init)

.rela.init
 *(.rela.init)

.rel.text
 *(.rel.text)
 *(.rel.text.*)
 *(.rel.gnu.linkonce.t*)

.rela.text
 *(.rela.text)
 *(.rela.text.*)
 *(.rela.gnu.linkonce.t*)

.rel.fini
 *(.rel.fini)

.rela.fini
 *(.rela.fini)

.rel.rodata
 *(.rel.rodata)
 *(.rel.rodata.*)
 *(.rel.gnu.linkonce.r*)

.rela.rodata
 *(.rela.rodata)
 *(.rela.rodata.*)
 *(.rela.gnu.linkonce.r*)

.rel.data
 *(.rel.data)
 *(.rel.data.*)
 *(.rel.gnu.linkonce.d*)

.rela.data
 *(.rela.data)
 *(.rela.data.*)
 *(.rela.gnu.linkonce.d*)

.rel.ctors
 *(.rel.ctors)

.rela.ctors
 *(.rela.ctors)

.rel.dtors
 *(.rel.dtors)

.rela.dtors
 *(.rela.dtors)

.rel.got
 *(.rel.got)

.rela.got
 *(.rela.got)

.rel.bss
 *(.rel.bss)

.rela.bss
 *(.rela.bss)

.rel.plt
 *(.rel.plt)

.rela.plt
 *(.rela.plt)

.text           0x00000000     0x5508
 *(.vectors)
 .vectors       0x00000000       0x8c c:/program files (x86)/atmel/atmel toolchain/avr8 gcc/native/3.4.1061/avr8-gnu-toolchain/bin/../lib/gcc/avr/4.8.1/../../../../avr/lib/avr51/crtm1284p.o
                0x00000000                __vector_default
                0x00000000                __vectors
 *(.vectors)
 *(.progmem.gcc*)
 .progmem.gcc_sw_table.turnOffPWM
                0x0000008c       0x12 src/sketch-api-readonly/core/wiring_digital.o
                0x0000009e                . = ALIGN (0x2)
                0x0000009e                __trampolines_start = .
 *(.trampolines)
 .trampolines   0x0000009e        0x0 linker stubs
 *(.trampolines*)
                0x0000009e                __trampolines_end = .
 *(.progmem*)
 .progmem.data._ZL21tone_pin_to_timer_PGM
                0x0000009e        0x1 src/sketch-api-readonly/core/Tone.o
 .progmem.data.digital_pin_to_timer_PGM
                0x0000009f       0x20 src/sketch-api-readonly/core/wiring_digital.o
 .progmem.data.digital_pin_to_bit_mask_PGM
                0x000000bf       0x20 src/sketch-api-readonly/core/wiring_digital.o
 .progmem.data.digital_pin_to_port_PGM
                0x000000df       0x20 src/sketch-api-readonly/core/wiring_digital.o
 .progmem.data.port_to_input_PGM
                0x000000ff        0xa src/sketch-api-readonly/core/wiring_digital.o
 .progmem.data.port_to_output_PGM
                0x00000109        0xa src/sketch-api-readonly/core/wiring_digital.o
                0x00000114                . = ALIGN (0x2)
 *fill*         0x00000113        0x1 
 *(.jumptables)
 *(.jumptables*)
 *(.lowtext)
 *(.lowtext*)
                0x00000114                __ctors_start = .
 *(.ctors)
 .ctors         0x00000114        0x2 Alarms.o
 .ctors         0x00000116        0x2 src/sketch-api-readonly/core/HardwareSerial.o
 .ctors         0x00000118        0x2 src/sketch-api-readonly/core/IPAddress.o
 .ctors         0x0000011a        0x2 src/sketch-api-readonly/libraries/EEPROMEx/EEPROMex.o
 .ctors         0x0000011c        0x2 src/sketch-api-readonly/libraries/HttpClient/HttpClient.o
 .ctors         0x0000011e        0x2 Clock.o
 .ctors         0x00000120        0x2 HConfig.o
 .ctors         0x00000122        0x2 Globals.o
 .ctors         0x00000124        0x2 Mail.o
 .ctors         0x00000126        0x2 Menu.o
 .ctors         0x00000128        0x2 NoIP.o
 .ctors         0x0000012a        0x2 Power.o
 .ctors         0x0000012c        0x2 ReadTemp.o
 .ctors         0x0000012e        0x2 Regulation.o
 .ctors         0x00000130        0x2 SendData.o
 .ctors         0x00000132        0x2 Server.o
 .ctors         0x00000134        0x2 Utils.o
                0x00000136                __ctors_end = .
                0x00000136                __dtors_start = .
 *(.dtors)
 .dtors         0x00000136        0x2 Globals.o
                0x00000138                __dtors_end = .
 SORT(*)(.ctors)
 SORT(*)(.dtors)
 *(.init0)
 .init0         0x00000138        0x0 c:/program files (x86)/atmel/atmel toolchain/avr8 gcc/native/3.4.1061/avr8-gnu-toolchain/bin/../lib/gcc/avr/4.8.1/../../../../avr/lib/avr51/crtm1284p.o
                0x00000138                __init
 *(.init0)
 *(.init1)
 *(.init1)
 *(.init2)
 .init2         0x00000138        0xc c:/program files (x86)/atmel/atmel toolchain/avr8 gcc/native/3.4.1061/avr8-gnu-toolchain/bin/../lib/gcc/avr/4.8.1/../../../../avr/lib/avr51/crtm1284p.o
 *(.init2)
 *(.init3)
 *(.init3)
 *(.init4)
 .init4         0x00000144       0x1a c:/program files (x86)/atmel/atmel toolchain/avr8 gcc/native/3.4.1061/avr8-gnu-toolchain/bin/../lib/gcc/avr/4.8.1/avr51\libgcc.a(_copy_data.o)
                0x00000144                __do_copy_data
 .init4         0x0000015e       0x10 c:/program files (x86)/atmel/atmel toolchain/avr8 gcc/native/3.4.1061/avr8-gnu-toolchain/bin/../lib/gcc/avr/4.8.1/avr51\libgcc.a(_clear_bss.o)
                0x0000015e                __do_clear_bss
 *(.init4)
 *(.init5)
 *(.init5)
 *(.init6)
 .init6         0x0000016e       0x20 c:/program files (x86)/atmel/atmel toolchain/avr8 gcc/native/3.4.1061/avr8-gnu-toolchain/bin/../lib/gcc/avr/4.8.1/avr51\libgcc.a(_ctors.o)
                0x0000016e                __do_global_ctors
 *(.init6)
 *(.init7)
 *(.init7)
 *(.init8)
 *(.init8)
 *(.init9)
 .init9         0x0000018e        0x8 c:/program files (x86)/atmel/atmel toolchain/avr8 gcc/native/3.4.1061/avr8-gnu-toolchain/bin/../lib/gcc/avr/4.8.1/../../../../avr/lib/avr51/crtm1284p.o
 *(.init9)
 *(.text)
 .text          0x00000196        0x4 c:/program files (x86)/atmel/atmel toolchain/avr8 gcc/native/3.4.1061/avr8-gnu-toolchain/bin/../lib/gcc/avr/4.8.1/../../../../avr/lib/avr51/crtm1284p.o
                0x00000196                __vector_22
                0x00000196                __vector_32
                0x00000196                __vector_34
                0x00000196                __vector_24
                0x00000196                __vector_12
                0x00000196                __bad_interrupt
                0x00000196                __vector_6
                0x00000196                __vector_31
                0x00000196                __vector_23
                0x00000196                __vector_30
                0x00000196                __vector_25
                0x00000196                __vector_11
                0x00000196                __vector_13
                0x00000196                __vector_17
                0x00000196                __vector_19
                0x00000196                __vector_7
                0x00000196                __vector_27
                0x00000196                __vector_5
                0x00000196                __vector_33
                0x00000196                __vector_4
                0x00000196                __vector_15
                0x00000196                __vector_8
                0x00000196                __vector_26
                0x00000196                __vector_14
                0x00000196                __vector_10
                0x00000196                __vector_16
                0x0000019a                . = ALIGN (0x2)
 *(.text.*)
 .text._GLOBAL__sub_I_digital_pin_to_pcint
                0x0000019a       0x16 Alarms.o
 .text._ZN14HardwareSerial9availableEv
                0x000001b0       0x20 src/sketch-api-readonly/core/HardwareSerial.o
                0x000001b0                _ZN14HardwareSerial9availableEv
 .text._ZN14HardwareSerial4peekEv
                0x000001d0       0x32 src/sketch-api-readonly/core/HardwareSerial.o
                0x000001d0                _ZN14HardwareSerial4peekEv
 .text._ZN14HardwareSerial4readEv
                0x00000202       0x42 src/sketch-api-readonly/core/HardwareSerial.o
                0x00000202                _ZN14HardwareSerial4readEv
 .text._ZN14HardwareSerial5flushEv
                0x00000244       0x16 src/sketch-api-readonly/core/HardwareSerial.o
                0x00000244                _ZN14HardwareSerial5flushEv
 .text._ZN14HardwareSerial5writeEh
                0x0000025a       0x8c src/sketch-api-readonly/core/HardwareSerial.o
                0x0000025a                _ZN14HardwareSerial5writeEh
 .text._Z11serialEventv
                0x000002e6        0x2 src/sketch-api-readonly/core/HardwareSerial.o
                0x000002e6                _Z11serialEventv
 .text.__vector_20
                0x000002e8       0x80 src/sketch-api-readonly/core/HardwareSerial.o
                0x000002e8                __vector_20
 .text._Z12serialEvent1v
                0x00000368        0x2 src/sketch-api-readonly/core/HardwareSerial.o
                0x00000368                _Z12serialEvent1v
 .text.__vector_28
                0x0000036a       0x80 src/sketch-api-readonly/core/HardwareSerial.o
                0x0000036a                __vector_28
 .text._Z14serialEventRunv
                0x000003ea       0x22 src/sketch-api-readonly/core/HardwareSerial.o
                0x000003ea                _Z14serialEventRunv
 .text.__vector_21
                0x0000040c       0x7e src/sketch-api-readonly/core/HardwareSerial.o
                0x0000040c                __vector_21
 .text.__vector_29
                0x0000048a       0x7e src/sketch-api-readonly/core/HardwareSerial.o
                0x0000048a                __vector_29
 .text._ZN14HardwareSerialC2EP11ring_bufferS1_PVhS3_S3_S3_S3_S3_hhhhh
                0x00000508       0x88 src/sketch-api-readonly/core/HardwareSerial.o
                0x00000508                _ZN14HardwareSerialC2EP11ring_bufferS1_PVhS3_S3_S3_S3_S3_hhhhh
                0x00000508                _ZN14HardwareSerialC1EP11ring_bufferS1_PVhS3_S3_S3_S3_S3_hhhhh
 .text._GLOBAL__sub_I_digital_pin_to_pcint
                0x00000590       0xfa src/sketch-api-readonly/core/HardwareSerial.o
 .text._ZNK9IPAddress7printToER5Print
                0x0000068a       0x74 src/sketch-api-readonly/core/IPAddress.o
                0x0000068a                _ZNK9IPAddress7printToER5Print
 .text._ZN9IPAddressC2Ehhhh
                0x000006fe       0x18 src/sketch-api-readonly/core/IPAddress.o
                0x000006fe                _ZN9IPAddressC2Ehhhh
                0x000006fe                _ZN9IPAddressC1Ehhhh
 .text._GLOBAL__sub_I_digital_pin_to_pcint
                0x00000716       0x16 src/sketch-api-readonly/core/IPAddress.o
 .text.main     0x0000072c       0x24 src/sketch-api-readonly/core/main.o
                0x0000072c                main
 .text._ZN5Print5writeEPKhj
                0x00000750       0x5c src/sketch-api-readonly/core/Print.o
                0x00000750                _ZN5Print5writeEPKhj
 .text._ZN5Print5printERK6String
                0x000007ac       0x7c src/sketch-api-readonly/core/Print.o
                0x000007ac                _ZN5Print5printERK6String
 .text._ZN5Print5printEPKc
                0x00000828       0x20 src/sketch-api-readonly/core/Print.o
                0x00000828                _ZN5Print5printEPKc
 .text._ZN5Print5printEc
                0x00000848       0x10 src/sketch-api-readonly/core/Print.o
                0x00000848                _ZN5Print5printEc
 .text._ZN5Print7printlnEv
                0x00000858       0x28 src/sketch-api-readonly/core/Print.o
                0x00000858                _ZN5Print7printlnEv
 .text._ZN5Print7printlnERK6String
                0x00000880       0x24 src/sketch-api-readonly/core/Print.o
                0x00000880                _ZN5Print7printlnERK6String
 .text._ZN5Print7printlnEPKc
                0x000008a4       0x24 src/sketch-api-readonly/core/Print.o
                0x000008a4                _ZN5Print7printlnEPKc
 .text._ZN5Print11printNumberEmh
                0x000008c8       0xea src/sketch-api-readonly/core/Print.o
                0x000008c8                _ZN5Print11printNumberEmh
 .text._ZN5Print5printEli
                0x000009b2       0x78 src/sketch-api-readonly/core/Print.o
                0x000009b2                _ZN5Print5printEli
 .text._ZN5Print5printEii
                0x00000a2a       0x12 src/sketch-api-readonly/core/Print.o
                0x00000a2a                _ZN5Print5printEii
 .text._ZN5Print5printEmi
                0x00000a3c       0x1e src/sketch-api-readonly/core/Print.o
                0x00000a3c                _ZN5Print5printEmi
 .text._ZN5Print5printEhi
                0x00000a5a       0x10 src/sketch-api-readonly/core/Print.o
                0x00000a5a                _ZN5Print5printEhi
 .text._ZN5Print7printlnEmi
                0x00000a6a       0x24 src/sketch-api-readonly/core/Print.o
                0x00000a6a                _ZN5Print7printlnEmi
 .text._ZN5Print7printlnEji
                0x00000a8e       0x2c src/sketch-api-readonly/core/Print.o
                0x00000a8e                _ZN5Print7printlnEji
 .text._ZN5Print7printlnEhi
                0x00000aba       0x2e src/sketch-api-readonly/core/Print.o
                0x00000aba                _ZN5Print7printlnEhi
 .text._Z12disableTimerh
                0x00000ae8       0x4a src/sketch-api-readonly/core/Tone.o
                0x00000ae8                _Z12disableTimerh
 .text._Z6noToneh
                0x00000b32       0x2c src/sketch-api-readonly/core/Tone.o
                0x00000b32                _Z6noToneh
 .text.__vector_9
                0x00000b5e       0xc0 src/sketch-api-readonly/core/Tone.o
                0x00000b5e                __vector_9
 .text.__vector_1
                0x00000c1e       0x62 src/sketch-api-readonly/core/WInterrupts.o
                0x00000c1e                __vector_1
 .text.__vector_2
                0x00000c80       0x62 src/sketch-api-readonly/core/WInterrupts.o
                0x00000c80                __vector_2
 .text.__vector_3
                0x00000ce2       0x62 src/sketch-api-readonly/core/WInterrupts.o
                0x00000ce2                __vector_3
 .text.__vector_18
                0x00000d44       0x94 src/sketch-api-readonly/core/wiring.o
                0x00000d44                __vector_18
 .text.millis   0x00000dd8       0x18 src/sketch-api-readonly/core/wiring.o
                0x00000dd8                millis
 .text.init     0x00000df0       0x90 src/sketch-api-readonly/core/wiring.o
                0x00000df0                init
 .text.turnOffPWM
                0x00000e80       0x6c src/sketch-api-readonly/core/wiring_digital.o
 .text.digitalWrite
                0x00000eec       0x62 src/sketch-api-readonly/core/wiring_digital.o
                0x00000eec                digitalWrite
 .text.digitalRead
                0x00000f4e       0x54 src/sketch-api-readonly/core/wiring_digital.o
                0x00000f4e                digitalRead
 .text._ZN6StringD2Ev
                0x00000fa2        0xc src/sketch-api-readonly/core/WString.o
                0x00000fa2                _ZN6StringD2Ev
                0x00000fa2                _ZN6StringD1Ev
 .text._ZN6String10invalidateEv
                0x00000fae       0x24 src/sketch-api-readonly/core/WString.o
                0x00000fae                _ZN6String10invalidateEv
 .text._ZN6String12changeBufferEj
                0x00000fd2       0x34 src/sketch-api-readonly/core/WString.o
                0x00000fd2                _ZN6String12changeBufferEj
 .text._ZN6String7reserveEj
                0x00001006       0x40 src/sketch-api-readonly/core/WString.o
                0x00001006                _ZN6String7reserveEj
 .text._ZN6String4copyEPKcj
                0x00001046       0x42 src/sketch-api-readonly/core/WString.o
                0x00001046                _ZN6String4copyEPKcj
 .text._ZN6StringC2EPKc
                0x00001088       0x2c src/sketch-api-readonly/core/WString.o
                0x00001088                _ZN6StringC2EPKc
                0x00001088                _ZN6StringC1EPKc
 .text._ZN6StringaSERKS_
                0x000010b4       0x2e src/sketch-api-readonly/core/WString.o
                0x000010b4                _ZN6StringaSERKS_
 .text._ZN6StringC2ERKS_
                0x000010e2       0x16 src/sketch-api-readonly/core/WString.o
                0x000010e2                _ZN6StringC2ERKS_
                0x000010e2                _ZN6StringC1ERKS_
 .text._ZN6StringaSEPKc
                0x000010f8       0x2e src/sketch-api-readonly/core/WString.o
                0x000010f8                _ZN6StringaSEPKc
 .text._ZN6StringC2Ec
                0x00001126       0x32 src/sketch-api-readonly/core/WString.o
                0x00001126                _ZN6StringC1Ec
                0x00001126                _ZN6StringC2Ec
 .text._ZN6StringC2Ehh
                0x00001158       0x5c src/sketch-api-readonly/core/WString.o
                0x00001158                _ZN6StringC2Ehh
                0x00001158                _ZN6StringC1Ehh
 .text._ZN6StringC2Eih
                0x000011b4       0x5a src/sketch-api-readonly/core/WString.o
                0x000011b4                _ZN6StringC2Eih
                0x000011b4                _ZN6StringC1Eih
 .text._ZN6String6concatEPKcj
                0x0000120e       0x5e src/sketch-api-readonly/core/WString.o
                0x0000120e                _ZN6String6concatEPKcj
 .text._ZN6String6concatERKS_
                0x0000126c       0x10 src/sketch-api-readonly/core/WString.o
                0x0000126c                _ZN6String6concatERKS_
 .text._ZN6String6concatEPKc
                0x0000127c       0x20 src/sketch-api-readonly/core/WString.o
                0x0000127c                _ZN6String6concatEPKc
 .text._ZN6String6concatEc
                0x0000129c       0x26 src/sketch-api-readonly/core/WString.o
                0x0000129c                _ZN6String6concatEc
 .text._ZN6String6concatEh
                0x000012c2       0x58 src/sketch-api-readonly/core/WString.o
                0x000012c2                _ZN6String6concatEh
 .text._ZN6String6concatEi
                0x0000131a       0x62 src/sketch-api-readonly/core/WString.o
                0x0000131a                _ZN6String6concatEi
 .text._ZN6String6concatEj
                0x0000137c       0x5c src/sketch-api-readonly/core/WString.o
                0x0000137c                _ZN6String6concatEj
 .text._ZplRK15StringSumHelperRK6String
                0x000013d8       0x26 src/sketch-api-readonly/core/WString.o
                0x000013d8                _ZplRK15StringSumHelperRK6String
 .text._ZNK6String9compareToERKS_
                0x000013fe       0x6a src/sketch-api-readonly/core/WString.o
                0x000013fe                _ZNK6String9compareToERKS_
 .text._ZNK6String6equalsERKS_
                0x00001468       0x26 src/sketch-api-readonly/core/WString.o
                0x00001468                _ZNK6String6equalsERKS_
 .text._ZNK6StringixEj
                0x0000148e       0x26 src/sketch-api-readonly/core/WString.o
                0x0000148e                _ZNK6StringixEj
 .text._ZNK6String7indexOfERKS_j
                0x000014b4       0x3e src/sketch-api-readonly/core/WString.o
                0x000014b4                _ZNK6String7indexOfERKS_j
 .text._ZNK6String7indexOfERKS_
                0x000014f2        0xa src/sketch-api-readonly/core/WString.o
                0x000014f2                _ZNK6String7indexOfERKS_
 .text._ZNK6String9substringEjj
                0x000014fc       0x8c src/sketch-api-readonly/core/WString.o
                0x000014fc                _ZNK6String9substringEjj
 .text._ZNK6String9substringEj
                0x00001588       0x18 src/sketch-api-readonly/core/WString.o
                0x00001588                _ZNK6String9substringEj
 .text._ZN6String4trimEv
                0x000015a0       0xb0 src/sketch-api-readonly/core/WString.o
                0x000015a0                _ZN6String4trimEv
 .text._ZNK6String5toIntEv
                0x00001650       0x18 src/sketch-api-readonly/core/WString.o
                0x00001650                _ZNK6String5toIntEv
 .text._ZN13EEPROMClassExC2Ev
                0x00001668        0xc src/sketch-api-readonly/libraries/EEPROMEx/EEPROMex.o
                0x00001668                _ZN13EEPROMClassExC2Ev
                0x00001668                _ZN13EEPROMClassExC1Ev
 .text._ZN13EEPROMClassEx9isWriteOkEi
                0x00001674       0x56 src/sketch-api-readonly/libraries/EEPROMEx/EEPROMex.o
                0x00001674                _ZN13EEPROMClassEx9isWriteOkEi
 .text._GLOBAL__sub_I_digital_pin_to_pcint
                0x000016ca        0xa src/sketch-api-readonly/libraries/EEPROMEx/EEPROMex.o
 .text._GLOBAL__sub_I_digital_pin_to_pcint
                0x000016d4       0x16 src/sketch-api-readonly/libraries/HttpClient/HttpClient.o
 .text._ZN5ClockC2Em
                0x000016ea       0x3e Clock.o
                0x000016ea                _ZN5ClockC2Em
                0x000016ea                _ZN5ClockC1Em
 .text._ZN5Clock8readTimeEv
                0x00001728       0x6c Clock.o
                0x00001728                _ZN5Clock8readTimeEv
 .text._ZN5Clock9breakTimeEmR12tmElements_ti
                0x00001794      0x282 Clock.o
                0x00001794                _ZN5Clock9breakTimeEmR12tmElements_ti
 .text._ZN5Clock13GetTimeStringEv
                0x00001a16       0xe8 Clock.o
                0x00001a16                _ZN5Clock13GetTimeStringEv
 .text._ZN5Clock13GetDateStringEv
                0x00001afe       0xc6 Clock.o
                0x00001afe                _ZN5Clock13GetDateStringEv
 .text._ZN5Clock17GetDateTimeStringEv
                0x00001bc4       0x68 Clock.o
                0x00001bc4                _ZN5Clock17GetDateTimeStringEv
 .text._GLOBAL__sub_I_digital_pin_to_pcint
                0x00001c2c       0x2e Clock.o
 .text._ZN5Clock13sendNTPpacketER9IPAddress
                0x00001c5a       0x5e Clock.o
                0x00001c5a                _ZN5Clock13sendNTPpacketER9IPAddress
 .text._ZN5Clock10getNtpTimeEv
                0x00001cb8       0xe8 Clock.o
                0x00001cb8                _ZN5Clock10getNtpTimeEv
 .text._ZN5Clock9NTPUpdateEv
                0x00001da0      0x12a Clock.o
                0x00001da0                _ZN5Clock9NTPUpdateEv
 .text._ZN5Clock3runEm
                0x00001eca       0x96 Clock.o
                0x00001eca                _ZN5Clock3runEm
 .text.eeprom_write_byte
                0x00001f60       0x18 HConfig.o
 .text._ZN7HConfig12saveToEEPROMEv
                0x00001f78       0x2e HConfig.o
                0x00001f78                _ZN7HConfig12saveToEEPROMEv
 .text._ZN7HConfig11getSetPointEhhh
                0x00001fa6       0x26 HConfig.o
                0x00001fa6                _ZN7HConfig11getSetPointEhhh
 .text._ZN7HConfig13getTimeStringEhhh
                0x00001fcc       0xb0 HConfig.o
                0x00001fcc                _ZN7HConfig13getTimeStringEhhh
 .text._ZN7HConfig7setPairEh6StringS0_
                0x0000207c      0x186 HConfig.o
                0x0000207c                _ZN7HConfig7setPairEh6StringS0_
 .text._GLOBAL__sub_I_digital_pin_to_pcint
                0x00002202       0x16 HConfig.o
 .text._GLOBAL__sub_I_digital_pin_to_pcint
                0x00002218       0xac Globals.o
 .text._GLOBAL__sub_D_digital_pin_to_pcint
                0x000022c4       0x4e Globals.o
 .text._ZN9SendAlarm6canRunEm
                0x00002312       0x2c Mail.o
                0x00002312                _ZN9SendAlarm6canRunEm
 .text._ZN9SendAlarmC2Em
                0x0000233e       0x56 Mail.o
                0x0000233e                _ZN9SendAlarmC2Em
                0x0000233e                _ZN9SendAlarmC1Em
 .text._ZN9SendAlarm11logToXivelyEv
                0x00002394       0xae Mail.o
                0x00002394                _ZN9SendAlarm11logToXivelyEv
 .text._ZN9SendAlarm3runEm
                0x00002442      0x244 Mail.o
                0x00002442                _ZN9SendAlarm3runEm
 .text._ZN9SendAlarm8addAlarmE6String
                0x00002686       0x7a Mail.o
                0x00002686                _ZN9SendAlarm8addAlarmE6String
 .text._GLOBAL__sub_I_digital_pin_to_pcint
                0x00002700       0x1e Mail.o
 .text._ZN4MenuC2Em
                0x0000271e       0x3e Menu.o
                0x0000271e                _ZN4MenuC2Em
                0x0000271e                _ZN4MenuC1Em
 .text._ZN4Menu15ShowTemperatureEv
                0x0000275c       0x86 Menu.o
                0x0000275c                _ZN4Menu15ShowTemperatureEv
 .text._ZN4Menu8fillLineEi
                0x000027e2       0x3e Menu.o
                0x000027e2                _ZN4Menu8fillLineEi
 .text._ZN4Menu10LCDSetMenuE6String
                0x00002820       0x3e Menu.o
                0x00002820                _ZN4Menu10LCDSetMenuE6String
 .text._ZN4Menu12LCDSetStatusE6String
                0x0000285e       0x3e Menu.o
                0x0000285e                _ZN4Menu12LCDSetStatusE6String
 .text._ZN4Menu10LCDSetTimeEv
                0x0000289c       0x70 Menu.o
                0x0000289c                _ZN4Menu10LCDSetTimeEv
 .text._ZN4Menu10BlinkLed14Ev
                0x0000290c       0x2a Menu.o
                0x0000290c                _ZN4Menu10BlinkLed14Ev
 .text._ZN4Menu6setLedEi
                0x00002936       0x5e Menu.o
                0x00002936                _ZN4Menu6setLedEi
 .text._GLOBAL__sub_I_digital_pin_to_pcint
                0x00002994       0x16 Menu.o
 .text._ZN4Menu9readSetupEv
                0x000029aa       0x5c Menu.o
                0x000029aa                _ZN4Menu9readSetupEv
 .text._ZN4Menu7ExecuteEv
                0x00002a06      0x11e Menu.o
                0x00002a06                _ZN4Menu7ExecuteEv
 .text._ZN4Menu3runEm
                0x00002b24      0x1e2 Menu.o
                0x00002b24                _ZN4Menu3runEm
 .text._ZN11NoIPUpdaterC2Em
                0x00002d06       0x56 NoIP.o
                0x00002d06                _ZN11NoIPUpdaterC1Em
                0x00002d06                _ZN11NoIPUpdaterC2Em
 .text._ZN11NoIPUpdater6isDataEc
                0x00002d5c       0x28 NoIP.o
                0x00002d5c                _ZN11NoIPUpdater6isDataEc
 .text._GLOBAL__sub_I_digital_pin_to_pcint
                0x00002d84       0x16 NoIP.o
 .text._ZN11NoIPUpdater15ProcessResponseEv
                0x00002d9a       0x76 NoIP.o
                0x00002d9a                _ZN11NoIPUpdater15ProcessResponseEv
 .text._ZN11NoIPUpdater5closeEv
                0x00002e10       0x2e NoIP.o
                0x00002e10                _ZN11NoIPUpdater5closeEv
 .text._ZN11NoIPUpdater13GetExternalIPEv
                0x00002e3e       0xb8 NoIP.o
                0x00002e3e                _ZN11NoIPUpdater13GetExternalIPEv
 .text._ZN11NoIPUpdater8UpdateIPEv
                0x00002ef6      0x160 NoIP.o
                0x00002ef6                _ZN11NoIPUpdater8UpdateIPEv
 .text._ZN11NoIPUpdater3runEm
                0x00003056       0x74 NoIP.o
                0x00003056                _ZN11NoIPUpdater3runEm
 .text._ZN5Power3runEm
                0x000030ca       0x40 Power.o
                0x000030ca                _ZN5Power3runEm
 .text._ZN5PowerC2Em
                0x0000310a       0x3e Power.o
                0x0000310a                _ZN5PowerC2Em
                0x0000310a                _ZN5PowerC1Em
 .text._GLOBAL__sub_I_digital_pin_to_pcint
                0x00003148       0x16 Power.o
 .text._ZN8ReadTempC2Em
                0x0000315e       0x3e ReadTemp.o
                0x0000315e                _ZN8ReadTempC2Em
                0x0000315e                _ZN8ReadTempC1Em
 .text._ZN8ReadTemp15startConversionEv
                0x0000319c       0x22 ReadTemp.o
                0x0000319c                _ZN8ReadTemp15startConversionEv
 .text._ZN8ReadTemp7HasDataEv
                0x000031be       0x14 ReadTemp.o
                0x000031be                _ZN8ReadTemp7HasDataEv
 .text._ZN8ReadTemp11readOneTempEh
                0x000031d2       0xee ReadTemp.o
                0x000031d2                _ZN8ReadTemp11readOneTempEh
 .text._ZN8ReadTemp3runEm
                0x000032c0       0xd4 ReadTemp.o
                0x000032c0                _ZN8ReadTemp3runEm
 .text._ZN8ReadTemp7GetDataEv
                0x00003394      0x1c2 ReadTemp.o
                0x00003394                _ZN8ReadTemp7GetDataEv
 .text._ZN8ReadTemp10getAddressEv
                0x00003556       0x60 ReadTemp.o
                0x00003556                _ZN8ReadTemp10getAddressEv
 .text._GLOBAL__sub_I_digital_pin_to_pcint
                0x000035b6       0x2a ReadTemp.o
 .text._GLOBAL__sub_I_Setpoint
                0x000035e0       0xa6 Regulation.o
 .text._ZN8SendData6canRunEm
                0x00003686       0x30 SendData.o
                0x00003686                _ZN8SendData6canRunEm
 .text._ZN8SendDataC2Em
                0x000036b6       0x4a SendData.o
                0x000036b6                _ZN8SendDataC2Em
                0x000036b6                _ZN8SendDataC1Em
 .text._GLOBAL__sub_I_digital_pin_to_pcint
                0x00003700       0x16 SendData.o
 .text._ZN8SendData12SendToXyvelyE6Stringb
                0x00003716      0x1b8 SendData.o
                0x00003716                _ZN8SendData12SendToXyvelyE6Stringb
 .text._ZN8SendData3runEm
                0x000038ce      0x100 SendData.o
                0x000038ce                _ZN8SendData3runEm
 .text._ZN9WebServerC2Em
                0x000039ce       0x46 Server.o
                0x000039ce                _ZN9WebServerC1Em
                0x000039ce                _ZN9WebServerC2Em
 .text._ZN9WebServer2trEv
                0x00003a14        0xc Server.o
                0x00003a14                _ZN9WebServer2trEv
 .text._ZN9WebServer3ctrEv
                0x00003a20        0xc Server.o
                0x00003a20                _ZN9WebServer3ctrEv
 .text._ZN9WebServer2tdE6String
                0x00003a2c       0x2a Server.o
                0x00003a2c                _ZN9WebServer2tdE6String
 .text._ZN9WebServer2tdEv
                0x00003a56        0xc Server.o
                0x00003a56                _ZN9WebServer2tdEv
 .text._ZN9WebServer3ctdEv
                0x00003a62        0xc Server.o
                0x00003a62                _ZN9WebServer3ctdEv
 .text._ZN9WebServer3tdvE6String
                0x00003a6e       0x34 Server.o
                0x00003a6e                _ZN9WebServer3tdvE6String
 .text._ZN9WebServer4formE6String
                0x00003aa2       0x34 Server.o
                0x00003aa2                _ZN9WebServer4formE6String
 .text._ZN9WebServer5cformEv
                0x00003ad6        0xc Server.o
                0x00003ad6                _ZN9WebServer5cformEv
 .text._ZN9WebServer2brEv
                0x00003ae2        0xc Server.o
                0x00003ae2                _ZN9WebServer2brEv
 .text._ZN9WebServer5tableEv
                0x00003aee        0xc Server.o
                0x00003aee                _ZN9WebServer5tableEv
 .text._ZN9WebServer6ctableEv
                0x00003afa        0xc Server.o
                0x00003afa                _ZN9WebServer6ctableEv
 .text._ZN9WebServer6submitE6String
                0x00003b06       0x34 Server.o
                0x00003b06                _ZN9WebServer6submitE6String
 .text._ZN9WebServer4bodyE6String
                0x00003b3a       0x34 Server.o
                0x00003b3a                _ZN9WebServer4bodyE6String
 .text._ZN9WebServer5cbodyEv
                0x00003b6e        0xc Server.o
                0x00003b6e                _ZN9WebServer5cbodyEv
 .text._ZN9WebServer5InputEi6String
                0x00003b7a       0x68 Server.o
                0x00003b7a                _ZN9WebServer5InputEi6String
 .text._ZN9WebServer10ConfigRowTEhh
                0x00003be2      0x122 Server.o
                0x00003be2                _ZN9WebServer10ConfigRowTEhh
 .text._ZN9WebServer7HTTP200Ev
                0x00003d04       0x32 Server.o
                0x00003d04                _ZN9WebServer7HTTP200Ev
 .text._ZN9WebServer4HeadEv
                0x00003d36       0x54 Server.o
                0x00003d36                _ZN9WebServer4HeadEv
 .text._ZN9WebServer7DefaultEv
                0x00003d8a      0x1f4 Server.o
                0x00003d8a                _ZN9WebServer7DefaultEv
 .text._ZN9WebServer6ParamsEv
                0x00003f7e      0x162 Server.o
                0x00003f7e                _ZN9WebServer6ParamsEv
 .text._ZN9WebServer4EditEh
                0x000040e0      0x216 Server.o
                0x000040e0                _ZN9WebServer4EditEh
 .text._ZN9WebServer4SaveEv
                0x000042f6       0xa8 Server.o
                0x000042f6                _ZN9WebServer4SaveEv
 .text._ZN9WebServer11ProcessDataE6String
                0x0000439e      0x188 Server.o
                0x0000439e                _ZN9WebServer11ProcessDataE6String
 .text._ZN9WebServer14executeCommandEv
                0x00004526       0x64 Server.o
                0x00004526                _ZN9WebServer14executeCommandEv
 .text._ZN9WebServer19ProcessReceivedLineE6String
                0x0000458a      0x254 Server.o
                0x0000458a                _ZN9WebServer19ProcessReceivedLineE6String
 .text._GLOBAL__sub_I_digital_pin_to_pcint
                0x000047de       0x22 Server.o
 .text._ZN9WebServer11readContentEv
                0x00004800       0xf0 Server.o
                0x00004800                _ZN9WebServer11readContentEv
 .text._ZN9WebServer3runEm
                0x000048f0       0xea Server.o
                0x000048f0                _ZN9WebServer3runEm
 .text._Z15ethernetConnectv
                0x000049da       0x24 Utils.o
                0x000049da                _Z15ethernetConnectv
 .text._Z13alarmsEnabledv
                0x000049fe        0x4 Utils.o
                0x000049fe                _Z13alarmsEnabledv
 .text._Z8checkBithi
                0x00004a02       0x10 Utils.o
                0x00004a02                _Z8checkBithi
 .text._Z10showMemoryv
                0x00004a12       0x32 Utils.o
                0x00004a12                _Z10showMemoryv
 .text._Z10FormatTempf
                0x00004a44       0x5a Utils.o
                0x00004a44                _Z10FormatTempf
 .text._GLOBAL__sub_I_digital_pin_to_pcint
                0x00004a9e       0x16 Utils.o
 .text.libgcc.div
                0x00004ab4       0x28 c:/program files (x86)/atmel/atmel toolchain/avr8 gcc/native/3.4.1061/avr8-gnu-toolchain/bin/../lib/gcc/avr/4.8.1/avr51\libgcc.a(_divmodhi4.o)
                0x00004ab4                _div
                0x00004ab4                __divmodhi4
 .text.libgcc.div
                0x00004adc       0x44 c:/program files (x86)/atmel/atmel toolchain/avr8 gcc/native/3.4.1061/avr8-gnu-toolchain/bin/../lib/gcc/avr/4.8.1/avr51\libgcc.a(_udivmodsi4.o)
                0x00004adc                __udivmodsi4
 .text.libgcc   0x00004b20        0xc c:/program files (x86)/atmel/atmel toolchain/avr8 gcc/native/3.4.1061/avr8-gnu-toolchain/bin/../lib/gcc/avr/4.8.1/avr51\libgcc.a(_tablejump.o)
                0x00004b20                __tablejump2__
                0x00004b24                __tablejump__
 .text.libgcc   0x00004b2c        0x8 c:/program files (x86)/atmel/atmel toolchain/avr8 gcc/native/3.4.1061/avr8-gnu-toolchain/bin/../lib/gcc/avr/4.8.1/avr51\libgcc.a(_tablejump_elpm.o)
                0x00004b2c                __tablejump_elpm__
 .text.libgcc.div
                0x00004b34       0x28 c:/program files (x86)/atmel/atmel toolchain/avr8 gcc/native/3.4.1061/avr8-gnu-toolchain/bin/../lib/gcc/avr/4.8.1/avr51\libgcc.a(_udivmodhi4.o)
                0x00004b34                __udivmodhi4
 .text.avr-libc.fplib
                0x00004b5c        0xa c:/program files (x86)/atmel/atmel toolchain/avr8 gcc/native/3.4.1061/avr8-gnu-toolchain/bin/../lib/gcc/avr/4.8.1/../../../../avr/lib/avr51\libm.a(addsf3.o)
                0x00004b5c                __subsf3
                0x00004b5e                __addsf3
 .text.avr-libc.fplib
                0x00004b66       0xc0 c:/program files (x86)/atmel/atmel toolchain/avr8 gcc/native/3.4.1061/avr8-gnu-toolchain/bin/../lib/gcc/avr/4.8.1/../../../../avr/lib/avr51\libm.a(addsf3x.o)
                0x00004b80                __addsf3x
 .text.avr-libc.fplib
                0x00004c26        0x4 c:/program files (x86)/atmel/atmel toolchain/avr8 gcc/native/3.4.1061/avr8-gnu-toolchain/bin/../lib/gcc/avr/4.8.1/../../../../avr/lib/avr51\libm.a(divsf3.o)
                0x00004c26                __divsf3
 .text.avr-libc.fplib
                0x00004c2a       0xcc c:/program files (x86)/atmel/atmel toolchain/avr8 gcc/native/3.4.1061/avr8-gnu-toolchain/bin/../lib/gcc/avr/4.8.1/../../../../avr/lib/avr51\libm.a(divsf3x.o)
                0x00004c40                __divsf3x
                0x00004c44                __divsf3_pse
 .text.avr-libc.fplib
                0x00004cf6        0xa c:/program files (x86)/atmel/atmel toolchain/avr8 gcc/native/3.4.1061/avr8-gnu-toolchain/bin/../lib/gcc/avr/4.8.1/../../../../avr/lib/avr51\libm.a(fixsfsi.o)
                0x00004cf6                __fixsfsi
 .text.avr-libc.fplib
                0x00004d00       0x58 c:/program files (x86)/atmel/atmel toolchain/avr8 gcc/native/3.4.1061/avr8-gnu-toolchain/bin/../lib/gcc/avr/4.8.1/../../../../avr/lib/avr51\libm.a(fixunssfsi.o)
                0x00004d00                __fixunssfsi
 .text.avr-libc.fplib
                0x00004d58       0x7a c:/program files (x86)/atmel/atmel toolchain/avr8 gcc/native/3.4.1061/avr8-gnu-toolchain/bin/../lib/gcc/avr/4.8.1/../../../../avr/lib/avr51\libm.a(floatsisf.o)
                0x00004d58                __floatunsisf
                0x00004d5c                __floatsisf
 .text.avr-libc.fplib
                0x00004dd2        0xc c:/program files (x86)/atmel/atmel toolchain/avr8 gcc/native/3.4.1061/avr8-gnu-toolchain/bin/../lib/gcc/avr/4.8.1/../../../../avr/lib/avr51\libm.a(fp_inf.o)
                0x00004dd2                __fp_inf
 .text.avr-libc.fplib
                0x00004dde        0x6 c:/program files (x86)/atmel/atmel toolchain/avr8 gcc/native/3.4.1061/avr8-gnu-toolchain/bin/../lib/gcc/avr/4.8.1/../../../../avr/lib/avr51\libm.a(fp_nan.o)
                0x00004dde                __fp_nan
 .text.avr-libc.fplib
                0x00004de4        0xe c:/program files (x86)/atmel/atmel toolchain/avr8 gcc/native/3.4.1061/avr8-gnu-toolchain/bin/../lib/gcc/avr/4.8.1/../../../../avr/lib/avr51\libm.a(fp_pscA.o)
                0x00004de4                __fp_pscA
 .text.avr-libc.fplib
                0x00004df2        0xe c:/program files (x86)/atmel/atmel toolchain/avr8 gcc/native/3.4.1061/avr8-gnu-toolchain/bin/../lib/gcc/avr/4.8.1/../../../../avr/lib/avr51\libm.a(fp_pscB.o)
                0x00004df2                __fp_pscB
 .text.avr-libc.fplib
                0x00004e00       0x22 c:/program files (x86)/atmel/atmel toolchain/avr8 gcc/native/3.4.1061/avr8-gnu-toolchain/bin/../lib/gcc/avr/4.8.1/../../../../avr/lib/avr51\libm.a(fp_round.o)
                0x00004e00                __fp_round
 .text.avr-libc.fplib
                0x00004e22       0x44 c:/program files (x86)/atmel/atmel toolchain/avr8 gcc/native/3.4.1061/avr8-gnu-toolchain/bin/../lib/gcc/avr/4.8.1/../../../../avr/lib/avr51\libm.a(fp_split3.o)
                0x00004e22                __fp_split3
                0x00004e32                __fp_splitA
 .text.avr-libc.fplib
                0x00004e66        0xe c:/program files (x86)/atmel/atmel toolchain/avr8 gcc/native/3.4.1061/avr8-gnu-toolchain/bin/../lib/gcc/avr/4.8.1/../../../../avr/lib/avr51\libm.a(fp_zero.o)
                0x00004e66                __fp_zero
                0x00004e68                __fp_szero
 .text.avr-libc.fplib
                0x00004e74        0x4 c:/program files (x86)/atmel/atmel toolchain/avr8 gcc/native/3.4.1061/avr8-gnu-toolchain/bin/../lib/gcc/avr/4.8.1/../../../../avr/lib/avr51\libm.a(mulsf3.o)
                0x00004e74                __mulsf3
 .text.avr-libc.fplib
                0x00004e78       0xc2 c:/program files (x86)/atmel/atmel toolchain/avr8 gcc/native/3.4.1061/avr8-gnu-toolchain/bin/../lib/gcc/avr/4.8.1/../../../../avr/lib/avr51\libm.a(mulsf3x.o)
                0x00004e8c                __mulsf3x
                0x00004e90                __mulsf3_pse
 .text.avr-libc
                0x00004f3a      0x24e c:/program files (x86)/atmel/atmel toolchain/avr8 gcc/native/3.4.1061/avr8-gnu-toolchain/bin/../lib/gcc/avr/4.8.1/../../../../avr/lib/avr51\libc.a(malloc.o)
                0x00004f3a                malloc
                0x0000506a                free
 .text.avr-libc
                0x00005188      0x1d2 c:/program files (x86)/atmel/atmel toolchain/avr8 gcc/native/3.4.1061/avr8-gnu-toolchain/bin/../lib/gcc/avr/4.8.1/../../../../avr/lib/avr51\libc.a(realloc.o)
                0x00005188                realloc
 .text.avr-libc
                0x0000535a       0x4e c:/program files (x86)/atmel/atmel toolchain/avr8 gcc/native/3.4.1061/avr8-gnu-toolchain/bin/../lib/gcc/avr/4.8.1/../../../../avr/lib/avr51\libc.a(atol.o)
                0x0000535a                atol
 .text.avr-libc
                0x000053a8       0x10 c:/program files (x86)/atmel/atmel toolchain/avr8 gcc/native/3.4.1061/avr8-gnu-toolchain/bin/../lib/gcc/avr/4.8.1/../../../../avr/lib/avr51\libc.a(isspace.o)
                0x000053a8                isspace
 .text.avr-libc
                0x000053b8       0x12 c:/program files (x86)/atmel/atmel toolchain/avr8 gcc/native/3.4.1061/avr8-gnu-toolchain/bin/../lib/gcc/avr/4.8.1/../../../../avr/lib/avr51\libc.a(memcpy.o)
                0x000053b8                memcpy
 .text.avr-libc
                0x000053ca       0x12 c:/program files (x86)/atmel/atmel toolchain/avr8 gcc/native/3.4.1061/avr8-gnu-toolchain/bin/../lib/gcc/avr/4.8.1/../../../../avr/lib/avr51\libc.a(strcmp.o)
                0x000053ca                strcmp
 .text.avr-libc
                0x000053dc        0xe c:/program files (x86)/atmel/atmel toolchain/avr8 gcc/native/3.4.1061/avr8-gnu-toolchain/bin/../lib/gcc/avr/4.8.1/../../../../avr/lib/avr51\libc.a(strcpy.o)
                0x000053dc                strcpy
 .text.avr-libc
                0x000053ea       0x34 c:/program files (x86)/atmel/atmel toolchain/avr8 gcc/native/3.4.1061/avr8-gnu-toolchain/bin/../lib/gcc/avr/4.8.1/../../../../avr/lib/avr51\libc.a(strstr.o)
                0x000053ea                strstr
 .text.avr-libc
                0x0000541e       0x16 c:/program files (x86)/atmel/atmel toolchain/avr8 gcc/native/3.4.1061/avr8-gnu-toolchain/bin/../lib/gcc/avr/4.8.1/../../../../avr/lib/avr51\libc.a(itoa.o)
                0x0000541e                __itoa
                0x0000541e                itoa
 .text.avr-libc
                0x00005434       0x16 c:/program files (x86)/atmel/atmel toolchain/avr8 gcc/native/3.4.1061/avr8-gnu-toolchain/bin/../lib/gcc/avr/4.8.1/../../../../avr/lib/avr51\libc.a(itoa_ncheck.o)
                0x00005434                __itoa_ncheck
 .text.avr-libc
                0x0000544a       0x2a c:/program files (x86)/atmel/atmel toolchain/avr8 gcc/native/3.4.1061/avr8-gnu-toolchain/bin/../lib/gcc/avr/4.8.1/../../../../avr/lib/avr51\libc.a(mulsi10.o)
                0x0000544a                __mulsi_const_10
 .text.avr-libc
                0x00005474       0x16 c:/program files (x86)/atmel/atmel toolchain/avr8 gcc/native/3.4.1061/avr8-gnu-toolchain/bin/../lib/gcc/avr/4.8.1/../../../../avr/lib/avr51\libc.a(utoa.o)
                0x00005474                __utoa
                0x00005474                utoa
 .text.avr-libc
                0x0000548a       0x34 c:/program files (x86)/atmel/atmel toolchain/avr8 gcc/native/3.4.1061/avr8-gnu-toolchain/bin/../lib/gcc/avr/4.8.1/../../../../avr/lib/avr51\libc.a(utoa_ncheck.o)
                0x0000548a                __utoa_ncheck
                0x0000548c                __utoa_common
 .text.avr-libc
                0x000054be        0x6 c:/program files (x86)/atmel/atmel toolchain/avr8 gcc/native/3.4.1061/avr8-gnu-toolchain/bin/../lib/gcc/avr/4.8.1/../../../../avr/lib/avr51\libc.a(cty_isfalse.o)
                0x000054be                __ctype_isfalse
                0x000054c2                __ctype_istrue
 .text.avr-libc
                0x000054c4       0x20 c:/program files (x86)/atmel/atmel toolchain/avr8 gcc/native/3.4.1061/avr8-gnu-toolchain/bin/../lib/gcc/avr/4.8.1/../../../../avr/lib/avr51\libc.a(strrev.o)
                0x000054c4                strrev
                0x000054e4                . = ALIGN (0x2)
 *(.fini9)
 .fini9         0x000054e4        0x0 c:/program files (x86)/atmel/atmel toolchain/avr8 gcc/native/3.4.1061/avr8-gnu-toolchain/bin/../lib/gcc/avr/4.8.1/avr51\libgcc.a(_exit.o)
                0x000054e4                _exit
                0x000054e4                exit
 *(.fini9)
 *(.fini8)
 *(.fini8)
 *(.fini7)
 *(.fini7)
 *(.fini6)
 .fini6         0x000054e4       0x20 c:/program files (x86)/atmel/atmel toolchain/avr8 gcc/native/3.4.1061/avr8-gnu-toolchain/bin/../lib/gcc/avr/4.8.1/avr51\libgcc.a(_dtors.o)
                0x000054e4                __do_global_dtors
 *(.fini6)
 *(.fini5)
 *(.fini5)
 *(.fini4)
 *(.fini4)
 *(.fini3)
 *(.fini3)
 *(.fini2)
 *(.fini2)
 *(.fini1)
 *(.fini1)
 *(.fini0)
 .fini0         0x00005504        0x4 c:/program files (x86)/atmel/atmel toolchain/avr8 gcc/native/3.4.1061/avr8-gnu-toolchain/bin/../lib/gcc/avr/4.8.1/avr51\libgcc.a(_exit.o)
 *(.fini0)
                0x00005508                _etext = .

.data           0x00800100      0xa0a load address 0x00005508
                0x00800100                PROVIDE (__data_start, .)
 *(.data)
 .data          0x00800100        0x6 c:/program files (x86)/atmel/atmel toolchain/avr8 gcc/native/3.4.1061/avr8-gnu-toolchain/bin/../lib/gcc/avr/4.8.1/../../../../avr/lib/avr51\libc.a(malloc.o)
                0x00800100                __malloc_heap_end
                0x00800102                __malloc_heap_start
                0x00800104                __malloc_margin
 *(.data*)
 .data._ZL9tone_pins
                0x00800106        0x1 src/sketch-api-readonly/core/Tone.o
 .data._ZN13EEPROMClassEx8_memSizeE
                0x00800107        0x2 src/sketch-api-readonly/libraries/EEPROMEx/EEPROMex.o
                0x00800107                _ZN13EEPROMClassEx8_memSizeE
 .data.NTPserverName
                0x00800109        0xe Clock.o
                0x00800109                NTPserverName
 .data.MenuTexts
                0x00800117       0x22 Globals.o
                0x00800117                MenuTexts
 .data.mac      0x00800139        0x6 Globals.o
                0x00800139                mac
 *(.rodata)
 *(.rodata*)
 .rodata._ZTV14HardwareSerial
                0x0080013f       0x10 src/sketch-api-readonly/core/HardwareSerial.o
                0x0080013f                _ZTV14HardwareSerial
 .rodata._ZTV9IPAddress
                0x0080014f        0x6 src/sketch-api-readonly/core/IPAddress.o
                0x0080014f                _ZTV9IPAddress
 .rodata.str1.1
                0x00000000        0x0 src/sketch-api-readonly/core/WString.o
                                  0x1 (size before relaxing)
 .rodata.str1.1
                0x00800155       0x7a src/sketch-api-readonly/libraries/EEPROMEx/EEPROMex.o
 .rodata.str1.1
                0x008001cf       0x70 Clock.o
                                 0x77 (size before relaxing)
 .rodata._ZL9monthDays
                0x0080023f        0xc Clock.o
 .rodata._ZTV5Clock
                0x0080024b        0x8 Clock.o
                0x0080024b                _ZTV5Clock
 .rodata.str1.1
                0x00800253        0x4 HConfig.o
                                  0x7 (size before relaxing)
 .rodata.Sensors
                0x00800257       0x28 Globals.o
                0x00800257                Sensors
 .rodata.MenuStruct
                0x0080027f       0x55 Globals.o
                0x0080027f                MenuStruct
 .rodata.str1.1
                0x008002d4       0x93 Globals.o
                                 0x94 (size before relaxing)
 .rodata.str1.1
                0x00800367       0xc9 Mail.o
                                 0xd0 (size before relaxing)
 .rodata._ZTV9SendAlarm
                0x00800430        0x8 Mail.o
                0x00800430                _ZTV9SendAlarm
 .rodata.str1.1
                0x00800438       0x1a Menu.o
                                 0x1c (size before relaxing)
 .rodata._ZTV4Menu
                0x00800452        0x8 Menu.o
                0x00800452                _ZTV4Menu
 .rodata.str1.1
                0x0080045a      0x16a NoIP.o
                                0x19f (size before relaxing)
 .rodata._ZTV11NoIPUpdater
                0x008005c4        0x8 NoIP.o
                0x008005c4                _ZTV11NoIPUpdater
 .rodata._ZTV5Power
                0x008005cc        0x8 Power.o
                0x008005cc                _ZTV5Power
 .rodata.str1.1
                0x008005d4       0x10 ReadTemp.o
                                 0x14 (size before relaxing)
 .rodata._ZTV8ReadTemp
                0x008005e4        0x8 ReadTemp.o
                0x008005e4                _ZTV8ReadTemp
 .rodata.str1.1
                0x008005ec      0x15b SendData.o
                                0x15e (size before relaxing)
 .rodata._ZTV8SendData
                0x00800747        0x8 SendData.o
                0x00800747                _ZTV8SendData
 .rodata.str1.1
                0x0080074f      0x39a Server.o
                                0x3cd (size before relaxing)
 .rodata._ZTV9WebServer
                0x00800ae9        0x8 Server.o
                0x00800ae9                _ZTV9WebServer
 .rodata.str1.1
                0x00800af1       0x19 Utils.o
                                 0x1d (size before relaxing)
 *(.gnu.linkonce.d*)
                0x00800b0a                . = ALIGN (0x2)
                0x00800b0a                _edata = .
                0x00800b0a                PROVIDE (__data_end, .)

.bss            0x00800b0a      0x489
                0x00800b0a                PROVIDE (__bss_start, .)
 *(.bss)
 *(.bss*)
 .bss._ZL11INADDR_NONE
                0x00800b0a        0x6 Alarms.o
 .bss.Serial1   0x00800b10       0x22 src/sketch-api-readonly/core/HardwareSerial.o
                0x00800b10                Serial1
 .bss.Serial    0x00800b32       0x22 src/sketch-api-readonly/core/HardwareSerial.o
                0x00800b32                Serial
 .bss.tx_buffer1
                0x00800b54       0x44 src/sketch-api-readonly/core/HardwareSerial.o
                0x00800b54                tx_buffer1
 .bss.rx_buffer1
                0x00800b98       0x44 src/sketch-api-readonly/core/HardwareSerial.o
                0x00800b98                rx_buffer1
 .bss.tx_buffer
                0x00800bdc       0x44 src/sketch-api-readonly/core/HardwareSerial.o
                0x00800bdc                tx_buffer
 .bss.rx_buffer
                0x00800c20       0x44 src/sketch-api-readonly/core/HardwareSerial.o
                0x00800c20                rx_buffer
 .bss._ZL11INADDR_NONE
                0x00800c64        0x6 src/sketch-api-readonly/core/IPAddress.o
 .bss.timer2_pin_mask
                0x00800c6a        0x1 src/sketch-api-readonly/core/Tone.o
                0x00800c6a                timer2_pin_mask
 .bss.timer2_pin_port
                0x00800c6b        0x2 src/sketch-api-readonly/core/Tone.o
                0x00800c6b                timer2_pin_port
 .bss.timer2_toggle_count
                0x00800c6d        0x4 src/sketch-api-readonly/core/Tone.o
                0x00800c6d                timer2_toggle_count
 .bss.intFunc   0x00800c71        0x6 src/sketch-api-readonly/core/WInterrupts.o
 .bss.timer0_fract
                0x00800c77        0x1 src/sketch-api-readonly/core/wiring.o
 .bss.timer0_millis
                0x00800c78        0x4 src/sketch-api-readonly/core/wiring.o
                0x00800c78                timer0_millis
 .bss.timer0_overflow_count
                0x00800c7c        0x4 src/sketch-api-readonly/core/wiring.o
                0x00800c7c                timer0_overflow_count
 .bss.EEPROM    0x00800c80        0x2 src/sketch-api-readonly/libraries/EEPROMEx/EEPROMex.o
                0x00800c80                EEPROM
 .bss._ZN13EEPROMClassEx12_writeCountsE
                0x00800c82        0x2 src/sketch-api-readonly/libraries/EEPROMEx/EEPROMex.o
                0x00800c82                _ZN13EEPROMClassEx12_writeCountsE
 .bss._ZL11INADDR_NONE
                0x00800c84        0x6 src/sketch-api-readonly/libraries/HttpClient/HttpClient.o
 .bss.packetBuffer
                0x00800c8a       0x30 Clock.o
                0x00800c8a                packetBuffer
 .bss.Udp       0x00800cba       0x14 Clock.o
                0x00800cba                Udp
 .bss.timeServer
                0x00800cce        0x6 Clock.o
                0x00800cce                timeServer
 .bss._ZL11INADDR_NONE
                0x00800cd4        0x6 Clock.o
 .bss.Config    0x00800cda       0x60 HConfig.o
                0x00800cda                Config
 .bss._ZL11INADDR_NONE
                0x00800d3a        0x6 HConfig.o
 .bss.webServer
                0x00800d40       0x20 Globals.o
                0x00800d40                webServer
 .bss.NoIP      0x00800d60       0x21 Globals.o
                0x00800d60                NoIP
 .bss.sendAlarm
                0x00800d81       0x1a Globals.o
                0x00800d81                sendAlarm
 .bss.sendData  0x00800d9b       0x13 Globals.o
                0x00800d9b                sendData
 .bss.readT     0x00800dae       0x20 Globals.o
                0x00800dae                readT
 .bss.clock     0x00800dce       0x13 Globals.o
                0x00800dce                clock
 .bss.menu      0x00800de1       0x17 Globals.o
                0x00800de1                menu
 .bss.power     0x00800df8       0x52 Globals.o
                0x00800df8                power
 .bss.client    0x00800e4a        0xe Globals.o
                0x00800e4a                client
 .bss.lcd       0x00800e58        0xf Globals.o
                0x00800e58                lcd
 .bss.OnWireAddress
                0x00800e67        0x9 Globals.o
                0x00800e67                OnWireAddress
 .bss.TT        0x00800e70       0x14 Globals.o
                0x00800e70                TT
 .bss.Temperatures
                0x00800e84       0x14 Globals.o
                0x00800e84                Temperatures
 .bss.EthernetConnected
                0x00800e98        0x1 Globals.o
                0x00800e98                EthernetConnected
 .bss._ZL11INADDR_NONE
                0x00800e99        0x6 Globals.o
 .bss.sendMailClient
                0x00800e9f        0xe Mail.o
                0x00800e9f                sendMailClient
 .bss._ZL11INADDR_NONE
                0x00800ead        0x6 Mail.o
 .bss._ZL11INADDR_NONE
                0x00800eb3        0x6 Menu.o
 .bss._ZL11INADDR_NONE
                0x00800eb9        0x6 NoIP.o
 .bss._ZL11INADDR_NONE
                0x00800ebf        0x6 Power.o
 .bss.ds2       0x00800ec5        0xe ReadTemp.o
                0x00800ec5                ds2
 .bss.ds        0x00800ed3        0xe ReadTemp.o
                0x00800ed3                ds
 .bss._ZL11INADDR_NONE
                0x00800ee1        0x6 ReadTemp.o
 .bss._ZL11INADDR_NONE
                0x00800ee7        0x6 Regulation.o
 .bss.PIDs      0x00800eed       0x72 Regulation.o
                0x00800eed                PIDs
 .bss.Output    0x00800f5f        0x8 Regulation.o
                0x00800f5f                Output
 .bss.Input     0x00800f67        0x8 Regulation.o
                0x00800f67                Input
 .bss.Setpoint  0x00800f6f        0x8 Regulation.o
                0x00800f6f                Setpoint
 .bss._ZL11INADDR_NONE
                0x00800f77        0x6 SendData.o
 .bss.server    0x00800f7d        0x6 Server.o
                0x00800f7d                server
 .bss._ZL11INADDR_NONE
                0x00800f83        0x6 Server.o
 .bss._ZL11INADDR_NONE
                0x00800f89        0x6 Utils.o
 *(COMMON)
 COMMON         0x00800f8f        0x4 c:/program files (x86)/atmel/atmel toolchain/avr8 gcc/native/3.4.1061/avr8-gnu-toolchain/bin/../lib/gcc/avr/4.8.1/../../../../avr/lib/avr51\libc.a(malloc.o)
                0x00800f8f                __brkval
                0x00800f91                __flp
                0x00800f93                PROVIDE (__bss_end, .)
                0x00005508                __data_load_start = LOADADDR (.data)
                0x00005f12                __data_load_end = (__data_load_start + SIZEOF (.data))

.noinit         0x00800f93        0x0
                0x00800f93                PROVIDE (__noinit_start, .)
 *(.noinit*)
                0x00800f93                PROVIDE (__noinit_end, .)
                0x00800f93                _end = .
                0x00800f93                PROVIDE (__heap_start, .)

.eeprom         0x00810000        0x0
 *(.eeprom*)
                0x00810000                __eeprom_end = .

.fuse
 *(.fuse)
 *(.lfuse)
 *(.hfuse)
 *(.efuse)

.lock
 *(.lock*)

.signature
 *(.signature*)

.user_signatures
 *(.user_signatures*)

.stab
 *(.stab)

.stabstr
 *(.stabstr)

.stab.excl
 *(.stab.excl)

.stab.exclstr
 *(.stab.exclstr)

.stab.index
 *(.stab.index)

.stab.indexstr
 *(.stab.indexstr)

.comment        0x00000000       0x30
 *(.comment)
 .comment       0x00000000       0x30 Alarms.o
                                 0x31 (size before relaxing)
 .comment       0x00000000       0x31 src/sketch-api-readonly/core/HardwareSerial.o
 .comment       0x00000000       0x31 src/sketch-api-readonly/core/IPAddress.o
 .comment       0x00000000       0x31 src/sketch-api-readonly/core/main.o
 .comment       0x00000000       0x31 src/sketch-api-readonly/core/Print.o
 .comment       0x00000000       0x31 src/sketch-api-readonly/core/Tone.o
 .comment       0x00000000       0x31 src/sketch-api-readonly/core/WInterrupts.o
 .comment       0x00000000       0x31 src/sketch-api-readonly/core/wiring.o
 .comment       0x00000000       0x31 src/sketch-api-readonly/core/wiring_digital.o
 .comment       0x00000000       0x31 src/sketch-api-readonly/core/WString.o
 .comment       0x00000000       0x31 src/sketch-api-readonly/libraries/EEPROMEx/EEPROMex.o
 .comment       0x00000000       0x31 src/sketch-api-readonly/libraries/HttpClient/HttpClient.o
 .comment       0x00000000       0x31 Clock.o
 .comment       0x00000000       0x31 HConfig.o
 .comment       0x00000000       0x31 Globals.o
 .comment       0x00000000       0x31 Mail.o
 .comment       0x00000000       0x31 Menu.o
 .comment       0x00000000       0x31 NoIP.o
 .comment       0x00000000       0x31 Power.o
 .comment       0x00000000       0x31 ReadTemp.o
 .comment       0x00000000       0x31 Regulation.o
 .comment       0x00000000       0x31 SendData.o
 .comment       0x00000000       0x31 Server.o
 .comment       0x00000000       0x31 Utils.o
 .comment       0x00000000       0x31 c:/program files (x86)/atmel/atmel toolchain/avr8 gcc/native/3.4.1061/avr8-gnu-toolchain/bin/../lib/gcc/avr/4.8.1/../../../../avr/lib/avr51\libc.a(malloc.o)
 .comment       0x00000000       0x31 c:/program files (x86)/atmel/atmel toolchain/avr8 gcc/native/3.4.1061/avr8-gnu-toolchain/bin/../lib/gcc/avr/4.8.1/../../../../avr/lib/avr51\libc.a(realloc.o)

.note.gnu.build-id
 *(.note.gnu.build-id)

.debug
 *(.debug)

.line
 *(.line)

.debug_srcinfo
 *(.debug_srcinfo)

.debug_sfnames
 *(.debug_sfnames)

.debug_aranges  0x00000000      0xcc0
 *(.debug_aranges)
 .debug_aranges
                0x00000000       0x38 Alarms.o
 .debug_aranges
                0x00000038       0xa8 src/sketch-api-readonly/core/HardwareSerial.o
 .debug_aranges
                0x000000e0       0x60 src/sketch-api-readonly/core/IPAddress.o
 .debug_aranges
                0x00000140       0x20 src/sketch-api-readonly/core/main.o
 .debug_aranges
                0x00000160       0xe8 src/sketch-api-readonly/core/Print.o
 .debug_aranges
                0x00000248       0x38 src/sketch-api-readonly/core/Tone.o
 .debug_aranges
                0x00000280       0x40 src/sketch-api-readonly/core/WInterrupts.o
 .debug_aranges
                0x000002c0       0x48 src/sketch-api-readonly/core/wiring.o
 .debug_aranges
                0x00000308       0x38 src/sketch-api-readonly/core/wiring_digital.o
 .debug_aranges
                0x00000340      0x218 src/sketch-api-readonly/core/WString.o
 .debug_aranges
                0x00000558      0x110 src/sketch-api-readonly/libraries/EEPROMEx/EEPROMex.o
 .debug_aranges
                0x00000668      0x120 src/sketch-api-readonly/libraries/HttpClient/HttpClient.o
 .debug_aranges
                0x00000788       0x78 Clock.o
 .debug_aranges
                0x00000800       0x88 HConfig.o
 .debug_aranges
                0x00000888       0x28 Globals.o
 .debug_aranges
                0x000008b0       0x68 Mail.o
 .debug_aranges
                0x00000918       0xa0 Menu.o
 .debug_aranges
                0x000009b8       0x60 NoIP.o
 .debug_aranges
                0x00000a18       0x48 Power.o
 .debug_aranges
                0x00000a60       0x60 ReadTemp.o
 .debug_aranges
                0x00000ac0       0x40 Regulation.o
 .debug_aranges
                0x00000b00       0x48 SendData.o
 .debug_aranges
                0x00000b48      0x110 Server.o
 .debug_aranges
                0x00000c58       0x68 Utils.o

.debug_pubnames
 *(.debug_pubnames)

.debug_info     0x00000000    0x26ecb
 *(.debug_info .gnu.linkonce.wi.*)
 .debug_info    0x00000000     0x12ca Alarms.o
 .debug_info    0x000012ca     0x1177 src/sketch-api-readonly/core/HardwareSerial.o
 .debug_info    0x00002441      0xa49 src/sketch-api-readonly/core/IPAddress.o
 .debug_info    0x00002e8a      0x2b6 src/sketch-api-readonly/core/main.o
 .debug_info    0x00003140     0x23ca src/sketch-api-readonly/core/Print.o
 .debug_info    0x0000550a      0x8d8 src/sketch-api-readonly/core/Tone.o
 .debug_info    0x00005de2      0x316 src/sketch-api-readonly/core/WInterrupts.o
 .debug_info    0x000060f8      0x3a6 src/sketch-api-readonly/core/wiring.o
 .debug_info    0x0000649e      0x623 src/sketch-api-readonly/core/wiring_digital.o
 .debug_info    0x00006ac1     0x3157 src/sketch-api-readonly/core/WString.o
 .debug_info    0x00009c18     0x2269 src/sketch-api-readonly/libraries/EEPROMEx/EEPROMex.o
 .debug_info    0x0000be81     0x25dc src/sketch-api-readonly/libraries/HttpClient/HttpClient.o
 .debug_info    0x0000e45d     0x32c1 Clock.o
 .debug_info    0x0001171e     0x231e HConfig.o
 .debug_info    0x00013a3c      0x875 Globals.o
 .debug_info    0x000142b1     0x2491 Mail.o
 .debug_info    0x00016742     0x2689 Menu.o
 .debug_info    0x00018dcb     0x21cb NoIP.o
 .debug_info    0x0001af96      0xab0 Power.o
 .debug_info    0x0001ba46     0x1f5e ReadTemp.o
 .debug_info    0x0001d9a4      0xc7c Regulation.o
 .debug_info    0x0001e620     0x1b96 SendData.o
 .debug_info    0x000201b6     0x525e Server.o
 .debug_info    0x00025414     0x1ab7 Utils.o

.debug_abbrev   0x00000000     0x5cfb
 *(.debug_abbrev)
 .debug_abbrev  0x00000000      0x334 Alarms.o
 .debug_abbrev  0x00000334      0x4b2 src/sketch-api-readonly/core/HardwareSerial.o
 .debug_abbrev  0x000007e6      0x362 src/sketch-api-readonly/core/IPAddress.o
 .debug_abbrev  0x00000b48       0xc7 src/sketch-api-readonly/core/main.o
 .debug_abbrev  0x00000c0f      0x3ee src/sketch-api-readonly/core/Print.o
 .debug_abbrev  0x00000ffd      0x24b src/sketch-api-readonly/core/Tone.o
 .debug_abbrev  0x00001248       0xf5 src/sketch-api-readonly/core/WInterrupts.o
 .debug_abbrev  0x0000133d      0x144 src/sketch-api-readonly/core/wiring.o
 .debug_abbrev  0x00001481      0x147 src/sketch-api-readonly/core/wiring_digital.o
 .debug_abbrev  0x000015c8      0x43c src/sketch-api-readonly/core/WString.o
 .debug_abbrev  0x00001a04      0x465 src/sketch-api-readonly/libraries/EEPROMEx/EEPROMex.o
 .debug_abbrev  0x00001e69      0x5f9 src/sketch-api-readonly/libraries/HttpClient/HttpClient.o
 .debug_abbrev  0x00002462      0x680 Clock.o
 .debug_abbrev  0x00002ae2      0x4c5 HConfig.o
 .debug_abbrev  0x00002fa7      0x196 Globals.o
 .debug_abbrev  0x0000313d      0x4ce Mail.o
 .debug_abbrev  0x0000360b      0x4fe Menu.o
 .debug_abbrev  0x00003b09      0x549 NoIP.o
 .debug_abbrev  0x00004052      0x3f0 Power.o
 .debug_abbrev  0x00004442      0x4d1 ReadTemp.o
 .debug_abbrev  0x00004913      0x40a Regulation.o
 .debug_abbrev  0x00004d1d      0x4ac SendData.o
 .debug_abbrev  0x000051c9      0x672 Server.o
 .debug_abbrev  0x0000583b      0x4c0 Utils.o

.debug_line     0x00000000     0x5a29
 *(.debug_line .debug_line.* .debug_line_end)
 .debug_line    0x00000000      0x1c2 Alarms.o
 .debug_line    0x000001c2      0x376 src/sketch-api-readonly/core/HardwareSerial.o
 .debug_line    0x00000538      0x269 src/sketch-api-readonly/core/IPAddress.o
 .debug_line    0x000007a1      0x145 src/sketch-api-readonly/core/main.o
 .debug_line    0x000008e6      0x413 src/sketch-api-readonly/core/Print.o
 .debug_line    0x00000cf9      0x210 src/sketch-api-readonly/core/Tone.o
 .debug_line    0x00000f09      0x196 src/sketch-api-readonly/core/WInterrupts.o
 .debug_line    0x0000109f      0x1bf src/sketch-api-readonly/core/wiring.o
 .debug_line    0x0000125e      0x190 src/sketch-api-readonly/core/wiring_digital.o
 .debug_line    0x000013ee      0x7f3 src/sketch-api-readonly/core/WString.o
 .debug_line    0x00001be1      0x5e2 src/sketch-api-readonly/libraries/EEPROMEx/EEPROMex.o
 .debug_line    0x000021c3      0x60b src/sketch-api-readonly/libraries/HttpClient/HttpClient.o
 .debug_line    0x000027ce      0x5d4 Clock.o
 .debug_line    0x00002da2      0x3d8 HConfig.o
 .debug_line    0x0000317a      0x18c Globals.o
 .debug_line    0x00003306      0x43f Mail.o
 .debug_line    0x00003745      0x58e Menu.o
 .debug_line    0x00003cd3      0x43d NoIP.o
 .debug_line    0x00004110      0x310 Power.o
 .debug_line    0x00004420      0x474 ReadTemp.o
 .debug_line    0x00004894      0x31b Regulation.o
 .debug_line    0x00004baf      0x368 SendData.o
 .debug_line    0x00004f17      0x719 Server.o
 .debug_line    0x00005630      0x3f9 Utils.o

.debug_frame    0x00000000     0x30dc
 *(.debug_frame)
 .debug_frame   0x00000000       0x98 Alarms.o
 .debug_frame   0x00000098      0x318 src/sketch-api-readonly/core/HardwareSerial.o
 .debug_frame   0x000003b0       0xe8 src/sketch-api-readonly/core/IPAddress.o
 .debug_frame   0x00000498       0x24 src/sketch-api-readonly/core/main.o
 .debug_frame   0x000004bc      0x3ec src/sketch-api-readonly/core/Print.o
 .debug_frame   0x000008a8      0x100 src/sketch-api-readonly/core/Tone.o
 .debug_frame   0x000009a8      0x13c src/sketch-api-readonly/core/WInterrupts.o
 .debug_frame   0x00000ae4       0xbc src/sketch-api-readonly/core/wiring.o
 .debug_frame   0x00000ba0       0x7c src/sketch-api-readonly/core/wiring_digital.o
 .debug_frame   0x00000c1c      0x7e0 src/sketch-api-readonly/core/WString.o
 .debug_frame   0x000013fc      0x428 src/sketch-api-readonly/libraries/EEPROMEx/EEPROMex.o
 .debug_frame   0x00001824      0x4b4 src/sketch-api-readonly/libraries/HttpClient/HttpClient.o
 .debug_frame   0x00001cd8      0x2b0 Clock.o
 .debug_frame   0x00001f88      0x17c HConfig.o
 .debug_frame   0x00002104       0x3c Globals.o
 .debug_frame   0x00002140      0x188 Mail.o
 .debug_frame   0x000022c8      0x250 Menu.o
 .debug_frame   0x00002518      0x140 NoIP.o
 .debug_frame   0x00002658      0x104 Power.o
 .debug_frame   0x0000275c      0x174 ReadTemp.o
 .debug_frame   0x000028d0      0x14c Regulation.o
 .debug_frame   0x00002a1c       0xe8 SendData.o
 .debug_frame   0x00002b04      0x4f8 Server.o
 .debug_frame   0x00002ffc       0xe0 Utils.o

.debug_str      0x00000000     0x59c6
 *(.debug_str)
 .debug_str     0x00000000      0xa24 Alarms.o
                                0xaba (size before relaxing)
 .debug_str     0x00000a24      0x5e7 src/sketch-api-readonly/core/HardwareSerial.o
                                0x8f1 (size before relaxing)
 .debug_str     0x0000100b      0x251 src/sketch-api-readonly/core/IPAddress.o
                                0x56e (size before relaxing)
 .debug_str     0x0000125c       0x59 src/sketch-api-readonly/core/main.o
                                0x2aa (size before relaxing)
 .debug_str     0x000012b5      0x39c src/sketch-api-readonly/core/Print.o
                                0xda8 (size before relaxing)
 .debug_str     0x00001651      0x1ca src/sketch-api-readonly/core/Tone.o
                                0x429 (size before relaxing)
 .debug_str     0x0000181b      0x154 src/sketch-api-readonly/core/WInterrupts.o
                                0x290 (size before relaxing)
 .debug_str     0x0000196f       0xb3 src/sketch-api-readonly/core/wiring.o
                                0x291 (size before relaxing)
 .debug_str     0x00001a22       0x68 src/sketch-api-readonly/core/wiring_digital.o
                                0x279 (size before relaxing)
 .debug_str     0x00001a8a      0x2d3 src/sketch-api-readonly/core/WString.o
                                0xbbe (size before relaxing)
 .debug_str     0x00001d5d      0x7e6 src/sketch-api-readonly/libraries/EEPROMEx/EEPROMex.o
                                0xb32 (size before relaxing)
 .debug_str     0x00002543      0xc5d src/sketch-api-readonly/libraries/HttpClient/HttpClient.o
                               0x129f (size before relaxing)
 .debug_str     0x000031a0      0xee2 Clock.o
                               0x1a41 (size before relaxing)
 .debug_str     0x00004082      0x20b HConfig.o
                               0x121b (size before relaxing)
 .debug_str     0x0000428d       0xe2 Globals.o
                                0x407 (size before relaxing)
 .debug_str     0x0000436f      0x37f Mail.o
                               0x102b (size before relaxing)
 .debug_str     0x000046ee      0x5d7 Menu.o
                               0x12e9 (size before relaxing)
 .debug_str     0x00004cc5      0x1a8 NoIP.o
                               0x14f6 (size before relaxing)
 .debug_str     0x00004e6d       0xb4 Power.o
                                0x52d (size before relaxing)
 .debug_str     0x00004f21       0xf0 ReadTemp.o
                                0xf56 (size before relaxing)
 .debug_str     0x00005011      0x2b4 Regulation.o
                                0x675 (size before relaxing)
 .debug_str     0x000052c5       0xc5 SendData.o
                                0xda7 (size before relaxing)
 .debug_str     0x0000538a      0x54b Server.o
                               0x1e5c (size before relaxing)
 .debug_str     0x000058d5       0xf1 Utils.o
                               0x142c (size before relaxing)

.debug_loc      0x00000000    0x11719
 *(.debug_loc)
 .debug_loc     0x00000000      0x48d Alarms.o
 .debug_loc     0x0000048d      0xa97 src/sketch-api-readonly/core/HardwareSerial.o
 .debug_loc     0x00000f24      0x27f src/sketch-api-readonly/core/IPAddress.o
 .debug_loc     0x000011a3     0x1f8f src/sketch-api-readonly/core/Print.o
 .debug_loc     0x00003132      0xac5 src/sketch-api-readonly/core/Tone.o
 .debug_loc     0x00003bf7      0x316 src/sketch-api-readonly/core/WInterrupts.o
 .debug_loc     0x00003f0d      0x22a src/sketch-api-readonly/core/wiring.o
 .debug_loc     0x00004137      0x651 src/sketch-api-readonly/core/wiring_digital.o
 .debug_loc     0x00004788     0x3292 src/sketch-api-readonly/core/WString.o
 .debug_loc     0x00007a1a     0x205d src/sketch-api-readonly/libraries/EEPROMEx/EEPROMex.o
 .debug_loc     0x00009a77     0x1855 src/sketch-api-readonly/libraries/HttpClient/HttpClient.o
 .debug_loc     0x0000b2cc     0x1176 Clock.o
 .debug_loc     0x0000c442      0xb0f HConfig.o
 .debug_loc     0x0000cf51       0x22 Globals.o
 .debug_loc     0x0000cf73      0x8ca Mail.o
 .debug_loc     0x0000d83d      0xa9b Menu.o
 .debug_loc     0x0000e2d8      0x63c NoIP.o
 .debug_loc     0x0000e914      0x439 Power.o
 .debug_loc     0x0000ed4d      0x83b ReadTemp.o
 .debug_loc     0x0000f588      0x4d7 Regulation.o
 .debug_loc     0x0000fa5f      0x3c7 SendData.o
 .debug_loc     0x0000fe26     0x1621 Server.o
 .debug_loc     0x00011447      0x2d2 Utils.o

.debug_macinfo
 *(.debug_macinfo)

.debug_weaknames
 *(.debug_weaknames)

.debug_funcnames
 *(.debug_funcnames)

.debug_typenames
 *(.debug_typenames)

.debug_varnames
 *(.debug_varnames)

.debug_pubtypes
 *(.debug_pubtypes)

.debug_ranges   0x00000000      0xd00
 *(.debug_ranges)
 .debug_ranges  0x00000000       0x28 Alarms.o
 .debug_ranges  0x00000028       0x98 src/sketch-api-readonly/core/HardwareSerial.o
 .debug_ranges  0x000000c0       0x68 src/sketch-api-readonly/core/IPAddress.o
 .debug_ranges  0x00000128       0x10 src/sketch-api-readonly/core/main.o
 .debug_ranges  0x00000138      0x150 src/sketch-api-readonly/core/Print.o
 .debug_ranges  0x00000288       0x58 src/sketch-api-readonly/core/Tone.o
 .debug_ranges  0x000002e0       0x30 src/sketch-api-readonly/core/WInterrupts.o
 .debug_ranges  0x00000310       0x38 src/sketch-api-readonly/core/wiring.o
 .debug_ranges  0x00000348       0x28 src/sketch-api-readonly/core/wiring_digital.o
 .debug_ranges  0x00000370      0x240 src/sketch-api-readonly/core/WString.o
 .debug_ranges  0x000005b0      0x100 src/sketch-api-readonly/libraries/EEPROMEx/EEPROMex.o
 .debug_ranges  0x000006b0      0x148 src/sketch-api-readonly/libraries/HttpClient/HttpClient.o
 .debug_ranges  0x000007f8       0x68 Clock.o
 .debug_ranges  0x00000860       0xa8 HConfig.o
 .debug_ranges  0x00000908       0x18 Globals.o
 .debug_ranges  0x00000920       0x58 Mail.o
 .debug_ranges  0x00000978       0xa8 Menu.o
 .debug_ranges  0x00000a20       0x80 NoIP.o
 .debug_ranges  0x00000aa0       0x38 Power.o
 .debug_ranges  0x00000ad8       0x50 ReadTemp.o
 .debug_ranges  0x00000b28       0x30 Regulation.o
 .debug_ranges  0x00000b58       0x38 SendData.o
 .debug_ranges  0x00000b90      0x118 Server.o
 .debug_ranges  0x00000ca8       0x58 Utils.o

.debug_macro
 *(.debug_macro)
OUTPUT(Home.elf elf32-avr)
LOAD linker stubs
